404 - webpage not found
405 - method not allowed
